// Jest Snapshot v1, https://goo.gl/fbAQLP

exports[`renders correctl 1`] = `
<Text
  accessible={true}
  allowFontScaling={true}
  disabled={false}
  ellipsizeMode="tail"
>
  There should be text in here!!!
</Text>
`;
